#-----------------------------------------------------------
# Webtalk v2018.1 (64-bit)
# SW Build 2188600 on Wed Apr  4 18:39:19 MDT 2018
# IP Build 2185939 on Wed Apr  4 20:55:05 MDT 2018
# Start of session at: Sat May 23 13:31:15 2020
# Process ID: 25766
# Current directory: /home/mason/Desktop/work/verilog-parser/tests/cod19grp7/Uncommented_old_version/Uncommented_old_version.sim/sim_top/behav/xsim
# Command line: wbtcv -mode batch -source /home/mason/Desktop/work/verilog-parser/tests/cod19grp7/Uncommented_old_version/Uncommented_old_version.sim/sim_top/behav/xsim/xsim.dir/top_tb_behav/webtalk/xsim_webtalk.tcl -notrace
# Log file: /home/mason/Desktop/work/verilog-parser/tests/cod19grp7/Uncommented_old_version/Uncommented_old_version.sim/sim_top/behav/xsim/webtalk.log
# Journal file: /home/mason/Desktop/work/verilog-parser/tests/cod19grp7/Uncommented_old_version/Uncommented_old_version.sim/sim_top/behav/xsim/webtalk.jou
#-----------------------------------------------------------
source /home/mason/Desktop/work/verilog-parser/tests/cod19grp7/Uncommented_old_version/Uncommented_old_version.sim/sim_top/behav/xsim/xsim.dir/top_tb_behav/webtalk/xsim_webtalk.tcl -notrace
