#-----------------------------------------------------------
# Webtalk v2018.3 (64-bit)
# SW Build 2405991 on Thu Dec  6 23:38:27 MST 2018
# IP Build 2404404 on Fri Dec  7 01:43:56 MST 2018
# Start of session at: Sun Nov 10 23:58:15 2019
# Process ID: 10368
# Current directory: D:/onedrive/Tsinghua/Third-A/Computer-Composition/TeamLab/thinpad_top-rev.3/thinpad_top.sim/sim_1/impl/func/xsim
# Command line: wbtcv.exe -mode batch -source D:/onedrive/Tsinghua/Third-A/Computer-Composition/TeamLab/thinpad_top-rev.3/thinpad_top.sim/sim_1/impl/func/xsim/xsim.dir/tb_func_impl/webtalk/xsim_webtalk.tcl -notrace
# Log file: D:/onedrive/Tsinghua/Third-A/Computer-Composition/TeamLab/thinpad_top-rev.3/thinpad_top.sim/sim_1/impl/func/xsim/webtalk.log
# Journal file: D:/onedrive/Tsinghua/Third-A/Computer-Composition/TeamLab/thinpad_top-rev.3/thinpad_top.sim/sim_1/impl/func/xsim\webtalk.jou
#-----------------------------------------------------------
source D:/onedrive/Tsinghua/Third-A/Computer-Composition/TeamLab/thinpad_top-rev.3/thinpad_top.sim/sim_1/impl/func/xsim/xsim.dir/tb_func_impl/webtalk/xsim_webtalk.tcl -notrace
